Time resolution is 1 ps
CFO_FRONT2048_PROGRESS run=0 case=0 stage=FFT accepted_in=2048 pilots=0 cycle=2062 simtime=4123000
CFO_FRONT2048_PROGRESS run=0 case=0 stage=PILOT accepted_in=2048 pilots=1 cycle=13407 simtime=26813000
CFO_FRONT2048_PROGRESS run=0 case=0 stage=PILOT accepted_in=2048 pilots=820 cycle=15451 simtime=30901000
CFO_FRONT2048_PROGRESS run=1 case=1 stage=FFT accepted_in=2048 pilots=0 cycle=19558 simtime=39115000
CFO_FRONT2048_PROGRESS run=1 case=1 stage=PILOT accepted_in=2048 pilots=1 cycle=30903 simtime=61805000
CFO_FRONT2048_PROGRESS run=1 case=1 stage=PILOT accepted_in=2048 pilots=820 cycle=32947 simtime=65893000
CFO_FRONT2048_PROGRESS run=2 case=2 stage=FFT accepted_in=2048 pilots=0 cycle=37055 simtime=74109000
CFO_FRONT2048_PROGRESS run=2 case=2 stage=PILOT accepted_in=2048 pilots=1 cycle=48400 simtime=96799000
CFO_FRONT2048_PROGRESS run=2 case=2 stage=PILOT accepted_in=2048 pilots=820 cycle=50444 simtime=100887000
CFO_FRONT2048_PROGRESS run=3 case=3 stage=FFT accepted_in=2048 pilots=0 cycle=52506 simtime=105011000
CFO_FRONT2048_PROGRESS run=3 case=3 stage=PILOT accepted_in=2048 pilots=1 cycle=63851 simtime=127701000
CFO_FRONT2048_PROGRESS run=3 case=3 stage=PILOT accepted_in=2048 pilots=820 cycle=65895 simtime=131789000
CFO_FRONT2048_PROGRESS run=4 case=4 stage=FFT accepted_in=2048 pilots=0 cycle=70005 simtime=140009000
CFO_FRONT2048_PROGRESS run=4 case=4 stage=PILOT accepted_in=2048 pilots=1 cycle=81350 simtime=162699000
CFO_FRONT2048_PROGRESS run=4 case=4 stage=PILOT accepted_in=2048 pilots=820 cycle=83394 simtime=166787000
CFO_FRONT2048_PROGRESS run=5 case=5 stage=FFT accepted_in=2048 pilots=0 cycle=87505 simtime=175009000
CFO_FRONT2048_PROGRESS run=5 case=5 stage=PILOT accepted_in=2048 pilots=1 cycle=98850 simtime=197699000
CFO_FRONT2048_PROGRESS run=5 case=5 stage=PILOT accepted_in=2048 pilots=820 cycle=100894 simtime=201787000
CFO_FRONT2048_PROGRESS run=6 case=6 stage=FFT accepted_in=2048 pilots=0 cycle=102954 simtime=205907000
CFO_FRONT2048_PROGRESS run=6 case=6 stage=PILOT accepted_in=2048 pilots=1 cycle=114299 simtime=228597000
CFO_FRONT2048_PROGRESS run=6 case=6 stage=PILOT accepted_in=2048 pilots=820 cycle=116343 simtime=232685000
CFO_FRONT2048_PROGRESS run=7 case=7 stage=FFT accepted_in=2048 pilots=0 cycle=120451 simtime=240901000
CFO_FRONT2048_PROGRESS run=7 case=7 stage=PILOT accepted_in=2048 pilots=1 cycle=131796 simtime=263591000
CFO_FRONT2048_PROGRESS run=7 case=7 stage=PILOT accepted_in=2048 pilots=820 cycle=133840 simtime=267679000
CFO_FRONT2048_PROGRESS run=8 case=8 stage=FFT accepted_in=2048 pilots=0 cycle=137949 simtime=275897000
CFO_FRONT2048_PROGRESS run=8 case=8 stage=PILOT accepted_in=2048 pilots=1 cycle=149294 simtime=298587000
CFO_FRONT2048_PROGRESS run=8 case=8 stage=PILOT accepted_in=2048 pilots=820 cycle=151338 simtime=302675000
CFO_FRONT2048_PROGRESS run=9 case=9 stage=FFT accepted_in=2048 pilots=0 cycle=153401 simtime=306801000
CFO_FRONT2048_PROGRESS run=9 case=9 stage=PILOT accepted_in=2048 pilots=1 cycle=164746 simtime=329491000
CFO_FRONT2048_PROGRESS run=9 case=9 stage=PILOT accepted_in=2048 pilots=820 cycle=166790 simtime=333579000
CFO_FRONT2048_PROGRESS run=10 case=10 stage=FFT accepted_in=2048 pilots=0 cycle=170901 simtime=341801000
CFO_FRONT2048_PROGRESS run=10 case=10 stage=PILOT accepted_in=2048 pilots=1 cycle=182246 simtime=364491000
CFO_FRONT2048_PROGRESS run=10 case=10 stage=PILOT accepted_in=2048 pilots=820 cycle=184290 simtime=368579000
CFO_FRONT2048_PROGRESS run=11 case=11 stage=FFT accepted_in=2048 pilots=0 cycle=188397 simtime=376793000
CFO_FRONT2048_PROGRESS run=11 case=11 stage=PILOT accepted_in=2048 pilots=1 cycle=199742 simtime=399483000
CFO_FRONT2048_PROGRESS run=11 case=11 stage=PILOT accepted_in=2048 pilots=820 cycle=201786 simtime=403571000
CFO_FRONT2048_PROGRESS run=12 case=12 stage=FFT accepted_in=2048 pilots=0 cycle=203847 simtime=407693000
CFO_FRONT2048_PROGRESS run=12 case=12 stage=PILOT accepted_in=2048 pilots=1 cycle=215192 simtime=430383000
CFO_FRONT2048_PROGRESS run=12 case=12 stage=PILOT accepted_in=2048 pilots=820 cycle=217236 simtime=434471000
CFO_FRONT2048_PROGRESS run=13 case=13 stage=FFT accepted_in=2048 pilots=0 cycle=221345 simtime=442689000
CFO_FRONT2048_PROGRESS run=13 case=13 stage=PILOT accepted_in=2048 pilots=1 cycle=232690 simtime=465379000
CFO_FRONT2048_PROGRESS run=13 case=13 stage=PILOT accepted_in=2048 pilots=820 cycle=234734 simtime=469467000
CFO_FRONT2048_PROGRESS run=14 case=14 stage=FFT accepted_in=2048 pilots=0 cycle=238844 simtime=477687000
CFO_FRONT2048_PROGRESS run=14 case=14 stage=PILOT accepted_in=2048 pilots=1 cycle=250189 simtime=500377000
CFO_FRONT2048_PROGRESS run=14 case=14 stage=PILOT accepted_in=2048 pilots=820 cycle=252233 simtime=504465000
CFO_FRONT2048_PROGRESS run=15 case=15 stage=FFT accepted_in=2048 pilots=0 cycle=254297 simtime=508593000
CFO_FRONT2048_PROGRESS run=15 case=15 stage=PILOT accepted_in=2048 pilots=1 cycle=265642 simtime=531283000
CFO_FRONT2048_PROGRESS run=15 case=15 stage=PILOT accepted_in=2048 pilots=820 cycle=267686 simtime=535371000
CFO_FRONT2048_PROGRESS run=16 case=16 stage=FFT accepted_in=2048 pilots=0 cycle=271793 simtime=543585000
CFO_FRONT2048_PROGRESS run=16 case=16 stage=PILOT accepted_in=2048 pilots=1 cycle=283138 simtime=566275000
CFO_FRONT2048_PROGRESS run=16 case=16 stage=PILOT accepted_in=2048 pilots=820 cycle=285182 simtime=570363000
CFO_FRONT2048_PROGRESS run=17 case=17 stage=FFT accepted_in=2048 pilots=0 cycle=289290 simtime=578579000
CFO_FRONT2048_PROGRESS run=17 case=17 stage=PILOT accepted_in=2048 pilots=1 cycle=300635 simtime=601269000
CFO_FRONT2048_PROGRESS run=17 case=17 stage=PILOT accepted_in=2048 pilots=820 cycle=302679 simtime=605357000
CFO_FRONT2048_PROGRESS run=18 case=18 stage=FFT accepted_in=2048 pilots=0 cycle=304741 simtime=609481000
CFO_FRONT2048_PROGRESS run=18 case=18 stage=PILOT accepted_in=2048 pilots=1 cycle=316086 simtime=632171000
CFO_FRONT2048_PROGRESS run=18 case=18 stage=PILOT accepted_in=2048 pilots=820 cycle=318130 simtime=636259000
CFO_FRONT2048_PROGRESS run=19 case=19 stage=FFT accepted_in=2048 pilots=0 cycle=322240 simtime=644479000
CFO_FRONT2048_PROGRESS run=19 case=19 stage=PILOT accepted_in=2048 pilots=1 cycle=333585 simtime=667169000
CFO_FRONT2048_PROGRESS run=19 case=19 stage=PILOT accepted_in=2048 pilots=820 cycle=335629 simtime=671257000
CFO_FRONT2048_PROGRESS run=20 case=20 stage=FFT accepted_in=2048 pilots=0 cycle=339740 simtime=679479000
CFO_FRONT2048_PROGRESS run=20 case=20 stage=PILOT accepted_in=2048 pilots=1 cycle=351085 simtime=702169000
CFO_FRONT2048_PROGRESS run=20 case=20 stage=PILOT accepted_in=2048 pilots=820 cycle=353129 simtime=706257000
CFO_FRONT2048_PROGRESS run=21 case=21 stage=FFT accepted_in=2048 pilots=0 cycle=355189 simtime=710377000
CFO_FRONT2048_PROGRESS run=21 case=21 stage=PILOT accepted_in=2048 pilots=1 cycle=366534 simtime=733067000
CFO_FRONT2048_PROGRESS run=21 case=21 stage=PILOT accepted_in=2048 pilots=820 cycle=368578 simtime=737155000
CFO_FRONT2048_PROGRESS run=22 case=22 stage=FFT accepted_in=2048 pilots=0 cycle=372686 simtime=745371000
CFO_FRONT2048_PROGRESS run=22 case=22 stage=PILOT accepted_in=2048 pilots=1 cycle=384031 simtime=768061000
CFO_FRONT2048_PROGRESS run=22 case=22 stage=PILOT accepted_in=2048 pilots=820 cycle=386075 simtime=772149000
CFO_FRONT2048_PROGRESS run=23 case=23 stage=FFT accepted_in=2048 pilots=0 cycle=390184 simtime=780367000
CFO_FRONT2048_PROGRESS run=23 case=23 stage=PILOT accepted_in=2048 pilots=1 cycle=401529 simtime=803057000
CFO_FRONT2048_PROGRESS run=23 case=23 stage=PILOT accepted_in=2048 pilots=820 cycle=403573 simtime=807145000
CFO_FRONT2048_PROGRESS run=24 case=24 stage=FFT accepted_in=2048 pilots=0 cycle=405636 simtime=811271000
CFO_FRONT2048_PROGRESS run=24 case=24 stage=PILOT accepted_in=2048 pilots=1 cycle=416981 simtime=833961000
CFO_FRONT2048_PROGRESS run=24 case=24 stage=PILOT accepted_in=2048 pilots=820 cycle=419025 simtime=838049000
CFO_FRONT2048_PROGRESS run=25 case=25 stage=FFT accepted_in=2048 pilots=0 cycle=423136 simtime=846271000
CFO_FRONT2048_PROGRESS run=25 case=25 stage=PILOT accepted_in=2048 pilots=1 cycle=434481 simtime=868961000
CFO_FRONT2048_PROGRESS run=25 case=25 stage=PILOT accepted_in=2048 pilots=820 cycle=436525 simtime=873049000
CFO_FRONT2048_PROGRESS run=26 case=26 stage=FFT accepted_in=2048 pilots=0 cycle=440632 simtime=881263000
CFO_FRONT2048_PROGRESS run=26 case=26 stage=PILOT accepted_in=2048 pilots=1 cycle=451977 simtime=903953000
CFO_FRONT2048_PROGRESS run=26 case=26 stage=PILOT accepted_in=2048 pilots=820 cycle=454021 simtime=908041000
CFO_FRONT2048_PROGRESS run=27 case=27 stage=FFT accepted_in=2048 pilots=0 cycle=456082 simtime=912163000
CFO_FRONT2048_PROGRESS run=27 case=27 stage=PILOT accepted_in=2048 pilots=1 cycle=467427 simtime=934853000
CFO_FRONT2048_PROGRESS run=27 case=27 stage=PILOT accepted_in=2048 pilots=820 cycle=469471 simtime=938941000
CFO_FRONT2048_PROGRESS run=28 case=28 stage=FFT accepted_in=2048 pilots=0 cycle=473580 simtime=947159000
CFO_FRONT2048_PROGRESS run=28 case=28 stage=PILOT accepted_in=2048 pilots=1 cycle=484925 simtime=969849000
CFO_FRONT2048_PROGRESS run=28 case=28 stage=PILOT accepted_in=2048 pilots=820 cycle=486969 simtime=973937000
CFO_FRONT2048_PROGRESS run=29 case=29 stage=FFT accepted_in=2048 pilots=0 cycle=491079 simtime=982157000
CFO_FRONT2048_PROGRESS run=29 case=29 stage=PILOT accepted_in=2048 pilots=1 cycle=502424 simtime=1004847000
CFO_FRONT2048_PROGRESS run=29 case=29 stage=PILOT accepted_in=2048 pilots=820 cycle=504468 simtime=1008935000
CFO_FRONT2048_PROGRESS run=30 case=30 stage=FFT accepted_in=2048 pilots=0 cycle=506532 simtime=1013063000
CFO_FRONT2048_PROGRESS run=30 case=30 stage=PILOT accepted_in=2048 pilots=1 cycle=517877 simtime=1035753000
CFO_FRONT2048_PROGRESS run=30 case=30 stage=PILOT accepted_in=2048 pilots=820 cycle=519921 simtime=1039841000
CFO_FRONT2048_PROGRESS run=31 case=31 stage=FFT accepted_in=2048 pilots=0 cycle=524028 simtime=1048055000
CFO_FRONT2048_PROGRESS run=31 case=31 stage=PILOT accepted_in=2048 pilots=1 cycle=535373 simtime=1070745000
CFO_FRONT2048_PROGRESS run=31 case=31 stage=PILOT accepted_in=2048 pilots=820 cycle=537417 simtime=1074833000
CFO_FRONT2048_PROGRESS run=32 case=32 stage=FFT accepted_in=2048 pilots=0 cycle=541525 simtime=1083049000
CFO_FRONT2048_PROGRESS run=32 case=32 stage=PILOT accepted_in=2048 pilots=1 cycle=552870 simtime=1105739000
CFO_FRONT2048_PROGRESS run=32 case=32 stage=PILOT accepted_in=2048 pilots=820 cycle=554914 simtime=1109827000
CFO_FRONT2048_PROGRESS run=33 case=33 stage=FFT accepted_in=2048 pilots=0 cycle=556976 simtime=1113951000
CFO_FRONT2048_PROGRESS run=33 case=33 stage=PILOT accepted_in=2048 pilots=1 cycle=568321 simtime=1136641000
CFO_FRONT2048_PROGRESS run=33 case=33 stage=PILOT accepted_in=2048 pilots=820 cycle=570365 simtime=1140729000
CFO_FRONT2048_PROGRESS run=34 case=34 stage=FFT accepted_in=2048 pilots=0 cycle=574475 simtime=1148949000
CFO_FRONT2048_PROGRESS run=34 case=34 stage=PILOT accepted_in=2048 pilots=1 cycle=585820 simtime=1171639000
CFO_FRONT2048_PROGRESS run=34 case=34 stage=PILOT accepted_in=2048 pilots=820 cycle=587864 simtime=1175727000
CFO_FRONT2048_PROGRESS run=35 case=35 stage=FFT accepted_in=2048 pilots=0 cycle=591975 simtime=1183949000
CFO_FRONT2048_PROGRESS run=35 case=35 stage=PILOT accepted_in=2048 pilots=1 cycle=603320 simtime=1206639000
CFO_FRONT2048_PROGRESS run=35 case=35 stage=PILOT accepted_in=2048 pilots=820 cycle=605364 simtime=1210727000
CFO_FRONT2048_PROGRESS run=36 case=36 stage=FFT accepted_in=2048 pilots=0 cycle=607424 simtime=1214847000
CFO_FRONT2048_PROGRESS run=36 case=36 stage=PILOT accepted_in=2048 pilots=1 cycle=618769 simtime=1237537000
CFO_FRONT2048_PROGRESS run=36 case=36 stage=PILOT accepted_in=2048 pilots=820 cycle=620813 simtime=1241625000
CFO_FRONT2048_PROGRESS run=37 case=37 stage=FFT accepted_in=2048 pilots=0 cycle=624921 simtime=1249841000
CFO_FRONT2048_PROGRESS run=37 case=37 stage=PILOT accepted_in=2048 pilots=1 cycle=636266 simtime=1272531000
CFO_FRONT2048_PROGRESS run=37 case=37 stage=PILOT accepted_in=2048 pilots=820 cycle=638310 simtime=1276619000
CFO_FRONT2048_PROGRESS run=38 case=38 stage=FFT accepted_in=2048 pilots=0 cycle=642419 simtime=1284837000
CFO_FRONT2048_PROGRESS run=38 case=38 stage=PILOT accepted_in=2048 pilots=1 cycle=653764 simtime=1307527000
CFO_FRONT2048_PROGRESS run=38 case=38 stage=PILOT accepted_in=2048 pilots=820 cycle=655808 simtime=1311615000
CFO_FRONT2048_PROGRESS run=39 case=39 stage=FFT accepted_in=2048 pilots=0 cycle=657871 simtime=1315741000
CFO_FRONT2048_PROGRESS run=39 case=39 stage=PILOT accepted_in=2048 pilots=1 cycle=669216 simtime=1338431000
CFO_FRONT2048_PROGRESS run=39 case=39 stage=PILOT accepted_in=2048 pilots=820 cycle=671260 simtime=1342519000
CFO_FRONT2048_PROGRESS run=40 case=40 stage=FFT accepted_in=2048 pilots=0 cycle=675371 simtime=1350741000
CFO_FRONT2048_PROGRESS run=40 case=40 stage=PILOT accepted_in=2048 pilots=1 cycle=686716 simtime=1373431000
CFO_FRONT2048_PROGRESS run=40 case=40 stage=PILOT accepted_in=2048 pilots=820 cycle=688760 simtime=1377519000
CFO_FRONT2048_PROGRESS run=41 case=41 stage=FFT accepted_in=2048 pilots=0 cycle=692867 simtime=1385733000
CFO_FRONT2048_PROGRESS run=41 case=41 stage=PILOT accepted_in=2048 pilots=1 cycle=704212 simtime=1408423000
CFO_FRONT2048_PROGRESS run=41 case=41 stage=PILOT accepted_in=2048 pilots=820 cycle=706256 simtime=1412511000
CFO_FRONT2048_PROGRESS run=42 case=42 stage=FFT accepted_in=2048 pilots=0 cycle=708317 simtime=1416633000
CFO_FRONT2048_PROGRESS run=42 case=42 stage=PILOT accepted_in=2048 pilots=1 cycle=719662 simtime=1439323000
CFO_FRONT2048_PROGRESS run=42 case=42 stage=PILOT accepted_in=2048 pilots=820 cycle=721706 simtime=1443411000
CFO_FRONT2048_PROGRESS run=43 case=43 stage=FFT accepted_in=2048 pilots=0 cycle=725815 simtime=1451629000
CFO_FRONT2048_PROGRESS run=43 case=43 stage=PILOT accepted_in=2048 pilots=1 cycle=737160 simtime=1474319000
CFO_FRONT2048_PROGRESS run=43 case=43 stage=PILOT accepted_in=2048 pilots=820 cycle=739204 simtime=1478407000
CFO_FRONT2048_PROGRESS run=44 case=44 stage=FFT accepted_in=2048 pilots=0 cycle=743314 simtime=1486627000
CFO_FRONT2048_PROGRESS run=44 case=44 stage=PILOT accepted_in=2048 pilots=1 cycle=754659 simtime=1509317000
CFO_FRONT2048_PROGRESS run=44 case=44 stage=PILOT accepted_in=2048 pilots=820 cycle=756703 simtime=1513405000
CFO_FRONT2048_PROGRESS run=45 case=45 stage=FFT accepted_in=2048 pilots=0 cycle=758767 simtime=1517533000
CFO_FRONT2048_PROGRESS run=45 case=45 stage=PILOT accepted_in=2048 pilots=1 cycle=770112 simtime=1540223000
CFO_FRONT2048_PROGRESS run=45 case=45 stage=PILOT accepted_in=2048 pilots=820 cycle=772156 simtime=1544311000
CFO_FRONT2048_PROGRESS run=46 case=46 stage=FFT accepted_in=2048 pilots=0 cycle=776263 simtime=1552525000
CFO_FRONT2048_PROGRESS run=46 case=46 stage=PILOT accepted_in=2048 pilots=1 cycle=787608 simtime=1575215000
CFO_FRONT2048_PROGRESS run=46 case=46 stage=PILOT accepted_in=2048 pilots=820 cycle=789652 simtime=1579303000
CFO_FRONT2048_PROGRESS run=47 case=47 stage=FFT accepted_in=2048 pilots=0 cycle=793760 simtime=1587519000
CFO_FRONT2048_PROGRESS run=47 case=47 stage=PILOT accepted_in=2048 pilots=1 cycle=805105 simtime=1610209000
CFO_FRONT2048_PROGRESS run=47 case=47 stage=PILOT accepted_in=2048 pilots=820 cycle=807149 simtime=1614297000
CFO_FRONT2048_PROGRESS run=48 case=48 stage=FFT accepted_in=2048 pilots=0 cycle=809211 simtime=1618421000
CFO_FRONT2048_PROGRESS run=48 case=48 stage=PILOT accepted_in=2048 pilots=1 cycle=820556 simtime=1641111000
CFO_FRONT2048_PROGRESS run=48 case=48 stage=PILOT accepted_in=2048 pilots=820 cycle=822600 simtime=1645199000
CFO_FRONT2048_PROGRESS run=49 case=49 stage=FFT accepted_in=2048 pilots=0 cycle=826710 simtime=1653419000
CFO_FRONT2048_PROGRESS run=49 case=49 stage=PILOT accepted_in=2048 pilots=1 cycle=838055 simtime=1676109000
CFO_FRONT2048_PROGRESS run=49 case=49 stage=PILOT accepted_in=2048 pilots=820 cycle=840099 simtime=1680197000
CFO_FRONT2048_PROGRESS run=50 case=50 stage=FFT accepted_in=2048 pilots=0 cycle=844210 simtime=1688419000
CFO_FRONT2048_PROGRESS run=50 case=50 stage=PILOT accepted_in=2048 pilots=1 cycle=855555 simtime=1711109000
CFO_FRONT2048_PROGRESS run=50 case=50 stage=PILOT accepted_in=2048 pilots=820 cycle=857599 simtime=1715197000
CFO_FRONT2048_PROGRESS run=51 case=51 stage=FFT accepted_in=2048 pilots=0 cycle=859659 simtime=1719317000
CFO_FRONT2048_PROGRESS run=51 case=51 stage=PILOT accepted_in=2048 pilots=1 cycle=871004 simtime=1742007000
CFO_FRONT2048_PROGRESS run=51 case=51 stage=PILOT accepted_in=2048 pilots=820 cycle=873048 simtime=1746095000
CFO_FRONT2048_PROGRESS run=52 case=52 stage=FFT accepted_in=2048 pilots=0 cycle=877156 simtime=1754311000
CFO_FRONT2048_PROGRESS run=52 case=52 stage=PILOT accepted_in=2048 pilots=1 cycle=888501 simtime=1777001000
CFO_FRONT2048_PROGRESS run=52 case=52 stage=PILOT accepted_in=2048 pilots=820 cycle=890545 simtime=1781089000
CFO_FRONT2048_PROGRESS run=53 case=53 stage=FFT accepted_in=2048 pilots=0 cycle=894654 simtime=1789307000
CFO_FRONT2048_PROGRESS run=53 case=53 stage=PILOT accepted_in=2048 pilots=1 cycle=905999 simtime=1811997000
CFO_FRONT2048_PROGRESS run=53 case=53 stage=PILOT accepted_in=2048 pilots=820 cycle=908043 simtime=1816085000
CFO_FRONT2048_PROGRESS run=54 case=54 stage=FFT accepted_in=2048 pilots=0 cycle=910106 simtime=1820211000
CFO_FRONT2048_PROGRESS run=54 case=54 stage=PILOT accepted_in=2048 pilots=1 cycle=921451 simtime=1842901000
CFO_FRONT2048_PROGRESS run=54 case=54 stage=PILOT accepted_in=2048 pilots=820 cycle=923495 simtime=1846989000
CFO_FRONT2048_PROGRESS run=55 case=55 stage=FFT accepted_in=2048 pilots=0 cycle=927606 simtime=1855211000
CFO_FRONT2048_PROGRESS run=55 case=55 stage=PILOT accepted_in=2048 pilots=1 cycle=938951 simtime=1877901000
CFO_FRONT2048_PROGRESS run=55 case=55 stage=PILOT accepted_in=2048 pilots=820 cycle=940995 simtime=1881989000
CFO_FRONT2048_PROGRESS run=56 case=56 stage=FFT accepted_in=2048 pilots=0 cycle=945102 simtime=1890203000
CFO_FRONT2048_PROGRESS run=56 case=56 stage=PILOT accepted_in=2048 pilots=1 cycle=956447 simtime=1912893000
CFO_FRONT2048_PROGRESS run=56 case=56 stage=PILOT accepted_in=2048 pilots=820 cycle=958491 simtime=1916981000
CFO_FRONT2048_PROGRESS run=57 case=57 stage=FFT accepted_in=2048 pilots=0 cycle=960552 simtime=1921103000
CFO_FRONT2048_PROGRESS run=57 case=57 stage=PILOT accepted_in=2048 pilots=1 cycle=971897 simtime=1943793000
CFO_FRONT2048_PROGRESS run=57 case=57 stage=PILOT accepted_in=2048 pilots=820 cycle=973941 simtime=1947881000
CFO_FRONT2048_PROGRESS run=58 case=58 stage=FFT accepted_in=2048 pilots=0 cycle=978050 simtime=1956099000
CFO_FRONT2048_PROGRESS run=58 case=58 stage=PILOT accepted_in=2048 pilots=1 cycle=989395 simtime=1978789000
CFO_FRONT2048_PROGRESS run=58 case=58 stage=PILOT accepted_in=2048 pilots=820 cycle=991439 simtime=1982877000
CFO_FRONT2048_PROGRESS run=59 case=59 stage=FFT accepted_in=2048 pilots=0 cycle=995549 simtime=1991097000
CFO_FRONT2048_PROGRESS run=59 case=59 stage=PILOT accepted_in=2048 pilots=1 cycle=1006894 simtime=2013787000
CFO_FRONT2048_PROGRESS run=59 case=59 stage=PILOT accepted_in=2048 pilots=820 cycle=1008938 simtime=2017875000
CFO_FRONT2048_PROGRESS run=60 case=60 stage=FFT accepted_in=2048 pilots=0 cycle=1011002 simtime=2022003000
CFO_FRONT2048_PROGRESS run=60 case=60 stage=PILOT accepted_in=2048 pilots=1 cycle=1022347 simtime=2044693000
CFO_FRONT2048_PROGRESS run=60 case=60 stage=PILOT accepted_in=2048 pilots=820 cycle=1024391 simtime=2048781000
CFO_FRONT2048_PROGRESS run=61 case=61 stage=FFT accepted_in=2048 pilots=0 cycle=1028498 simtime=2056995000
CFO_FRONT2048_PROGRESS run=61 case=61 stage=PILOT accepted_in=2048 pilots=1 cycle=1039843 simtime=2079685000
CFO_FRONT2048_PROGRESS run=61 case=61 stage=PILOT accepted_in=2048 pilots=820 cycle=1041887 simtime=2083773000
CFO_FRONT2048_PROGRESS run=62 case=62 stage=FFT accepted_in=2048 pilots=0 cycle=1045995 simtime=2091989000
CFO_FRONT2048_PROGRESS run=62 case=62 stage=PILOT accepted_in=2048 pilots=1 cycle=1057340 simtime=2114679000
CFO_FRONT2048_PROGRESS run=62 case=62 stage=PILOT accepted_in=2048 pilots=820 cycle=1059384 simtime=2118767000
CFO_FRONT2048_PROGRESS run=63 case=63 stage=FFT accepted_in=2048 pilots=0 cycle=1061446 simtime=2122891000
CFO_FRONT2048_PROGRESS run=63 case=63 stage=PILOT accepted_in=2048 pilots=1 cycle=1072791 simtime=2145581000
CFO_FRONT2048_PROGRESS run=63 case=63 stage=PILOT accepted_in=2048 pilots=820 cycle=1074835 simtime=2149669000
CFO_FRONT2048_PROGRESS run=64 case=64 stage=FFT accepted_in=2048 pilots=0 cycle=1078945 simtime=2157889000
CFO_FRONT2048_PROGRESS run=64 case=64 stage=PILOT accepted_in=2048 pilots=1 cycle=1090290 simtime=2180579000
CFO_FRONT2048_PROGRESS run=64 case=64 stage=PILOT accepted_in=2048 pilots=820 cycle=1092334 simtime=2184667000
CFO_FRONT2048_PROGRESS run=65 case=65 stage=FFT accepted_in=2048 pilots=0 cycle=1096445 simtime=2192889000
CFO_FRONT2048_PROGRESS run=65 case=65 stage=PILOT accepted_in=2048 pilots=1 cycle=1107790 simtime=2215579000
CFO_FRONT2048_PROGRESS run=65 case=65 stage=PILOT accepted_in=2048 pilots=820 cycle=1109834 simtime=2219667000
CFO_FRONT2048_PROGRESS run=66 case=66 stage=FFT accepted_in=2048 pilots=0 cycle=1111894 simtime=2223787000
CFO_FRONT2048_PROGRESS run=66 case=66 stage=PILOT accepted_in=2048 pilots=1 cycle=1123239 simtime=2246477000
CFO_FRONT2048_PROGRESS run=66 case=66 stage=PILOT accepted_in=2048 pilots=820 cycle=1125283 simtime=2250565000
CFO_FRONT2048_PROGRESS run=67 case=67 stage=FFT accepted_in=2048 pilots=0 cycle=1129391 simtime=2258781000
CFO_FRONT2048_PROGRESS run=67 case=67 stage=PILOT accepted_in=2048 pilots=1 cycle=1140736 simtime=2281471000
CFO_FRONT2048_PROGRESS run=67 case=67 stage=PILOT accepted_in=2048 pilots=820 cycle=1142780 simtime=2285559000
CFO_FRONT2048_PROGRESS run=68 case=68 stage=FFT accepted_in=2048 pilots=0 cycle=1146889 simtime=2293777000
CFO_FRONT2048_PROGRESS run=68 case=68 stage=PILOT accepted_in=2048 pilots=1 cycle=1158234 simtime=2316467000
CFO_FRONT2048_PROGRESS run=68 case=68 stage=PILOT accepted_in=2048 pilots=820 cycle=1160278 simtime=2320555000
CFO_FRONT2048_PROGRESS run=69 case=69 stage=FFT accepted_in=2048 pilots=0 cycle=1162341 simtime=2324681000
CFO_FRONT2048_PROGRESS run=69 case=69 stage=PILOT accepted_in=2048 pilots=1 cycle=1173686 simtime=2347371000
CFO_FRONT2048_PROGRESS run=69 case=69 stage=PILOT accepted_in=2048 pilots=820 cycle=1175730 simtime=2351459000
CFO_FRONT2048_PROGRESS run=70 case=70 stage=FFT accepted_in=2048 pilots=0 cycle=1179841 simtime=2359681000
CFO_FRONT2048_PROGRESS run=70 case=70 stage=PILOT accepted_in=2048 pilots=1 cycle=1191186 simtime=2382371000
CFO_FRONT2048_PROGRESS run=70 case=70 stage=PILOT accepted_in=2048 pilots=820 cycle=1193230 simtime=2386459000
CFO_FRONT2048_PROGRESS run=71 case=71 stage=FFT accepted_in=2048 pilots=0 cycle=1197337 simtime=2394673000
CFO_FRONT2048_PROGRESS run=71 case=71 stage=PILOT accepted_in=2048 pilots=1 cycle=1208682 simtime=2417363000
CFO_FRONT2048_PROGRESS run=71 case=71 stage=PILOT accepted_in=2048 pilots=820 cycle=1210726 simtime=2421451000
CFO_FRONT2048_PROGRESS run=72 case=72 stage=FFT accepted_in=2048 pilots=0 cycle=1212787 simtime=2425573000
CFO_FRONT2048_PROGRESS run=72 case=72 stage=PILOT accepted_in=2048 pilots=1 cycle=1224132 simtime=2448263000
CFO_FRONT2048_PROGRESS run=72 case=72 stage=PILOT accepted_in=2048 pilots=820 cycle=1226176 simtime=2452351000
CFO_FRONT2048_PROGRESS run=73 case=73 stage=FFT accepted_in=2048 pilots=0 cycle=1230285 simtime=2460569000
CFO_FRONT2048_PROGRESS run=73 case=73 stage=PILOT accepted_in=2048 pilots=1 cycle=1241630 simtime=2483259000
CFO_FRONT2048_PROGRESS run=73 case=73 stage=PILOT accepted_in=2048 pilots=820 cycle=1243674 simtime=2487347000
CFO_FRONT2048_PROGRESS run=74 case=74 stage=FFT accepted_in=2048 pilots=0 cycle=1247784 simtime=2495567000
CFO_FRONT2048_PROGRESS run=74 case=74 stage=PILOT accepted_in=2048 pilots=1 cycle=1259129 simtime=2518257000
CFO_FRONT2048_PROGRESS run=74 case=74 stage=PILOT accepted_in=2048 pilots=820 cycle=1261173 simtime=2522345000
CFO_FRONT2048_PROGRESS run=75 case=75 stage=FFT accepted_in=2048 pilots=0 cycle=1263237 simtime=2526473000
CFO_FRONT2048_PROGRESS run=75 case=75 stage=PILOT accepted_in=2048 pilots=1 cycle=1274582 simtime=2549163000
CFO_FRONT2048_PROGRESS run=75 case=75 stage=PILOT accepted_in=2048 pilots=820 cycle=1276626 simtime=2553251000
CFO_FRONT2048_PROGRESS run=76 case=76 stage=FFT accepted_in=2048 pilots=0 cycle=1280733 simtime=2561465000
CFO_FRONT2048_PROGRESS run=76 case=76 stage=PILOT accepted_in=2048 pilots=1 cycle=1292078 simtime=2584155000
CFO_FRONT2048_PROGRESS run=76 case=76 stage=PILOT accepted_in=2048 pilots=820 cycle=1294122 simtime=2588243000
CFO_FRONT2048_PROGRESS run=77 case=77 stage=FFT accepted_in=2048 pilots=0 cycle=1298230 simtime=2596459000
CFO_FRONT2048_PROGRESS run=77 case=77 stage=PILOT accepted_in=2048 pilots=1 cycle=1309575 simtime=2619149000
CFO_FRONT2048_PROGRESS run=77 case=77 stage=PILOT accepted_in=2048 pilots=820 cycle=1311619 simtime=2623237000
CFO_FRONT2048_PROGRESS run=78 case=78 stage=FFT accepted_in=2048 pilots=0 cycle=1313681 simtime=2627361000
CFO_FRONT2048_PROGRESS run=78 case=78 stage=PILOT accepted_in=2048 pilots=1 cycle=1325026 simtime=2650051000
CFO_FRONT2048_PROGRESS run=78 case=78 stage=PILOT accepted_in=2048 pilots=820 cycle=1327070 simtime=2654139000
CFO_FRONT2048_PROGRESS run=79 case=79 stage=FFT accepted_in=2048 pilots=0 cycle=1331180 simtime=2662359000
CFO_FRONT2048_PROGRESS run=79 case=79 stage=PILOT accepted_in=2048 pilots=1 cycle=1342525 simtime=2685049000
CFO_FRONT2048_PROGRESS run=79 case=79 stage=PILOT accepted_in=2048 pilots=820 cycle=1344569 simtime=2689137000
CFO_FRONT2048_PROGRESS run=80 case=80 stage=FFT accepted_in=2048 pilots=0 cycle=1348680 simtime=2697359000
CFO_FRONT2048_PROGRESS run=80 case=80 stage=PILOT accepted_in=2048 pilots=1 cycle=1360025 simtime=2720049000
CFO_FRONT2048_PROGRESS run=80 case=80 stage=PILOT accepted_in=2048 pilots=820 cycle=1362069 simtime=2724137000
CFO_FRONT2048_PROGRESS run=81 case=81 stage=FFT accepted_in=2048 pilots=0 cycle=1364129 simtime=2728257000
CFO_FRONT2048_PROGRESS run=81 case=81 stage=PILOT accepted_in=2048 pilots=1 cycle=1375474 simtime=2750947000
CFO_FRONT2048_PROGRESS run=81 case=81 stage=PILOT accepted_in=2048 pilots=820 cycle=1377518 simtime=2755035000
CFO_FRONT2048_PROGRESS run=82 case=82 stage=FFT accepted_in=2048 pilots=0 cycle=1381626 simtime=2763251000
CFO_FRONT2048_PROGRESS run=82 case=82 stage=PILOT accepted_in=2048 pilots=1 cycle=1392971 simtime=2785941000
CFO_FRONT2048_PROGRESS run=82 case=82 stage=PILOT accepted_in=2048 pilots=820 cycle=1395015 simtime=2790029000
CFO_FRONT2048_PROGRESS run=83 case=83 stage=FFT accepted_in=2048 pilots=0 cycle=1399124 simtime=2798247000
CFO_FRONT2048_PROGRESS run=83 case=83 stage=PILOT accepted_in=2048 pilots=1 cycle=1410469 simtime=2820937000
CFO_FRONT2048_PROGRESS run=83 case=83 stage=PILOT accepted_in=2048 pilots=820 cycle=1412513 simtime=2825025000
CFO_FRONT2048_PROGRESS run=84 case=84 stage=FFT accepted_in=2048 pilots=0 cycle=1414576 simtime=2829151000
CFO_FRONT2048_PROGRESS run=84 case=84 stage=PILOT accepted_in=2048 pilots=1 cycle=1425921 simtime=2851841000
CFO_FRONT2048_PROGRESS run=84 case=84 stage=PILOT accepted_in=2048 pilots=820 cycle=1427965 simtime=2855929000
CFO_FRONT2048_PROGRESS run=85 case=85 stage=FFT accepted_in=2048 pilots=0 cycle=1432076 simtime=2864151000
CFO_FRONT2048_PROGRESS run=85 case=85 stage=PILOT accepted_in=2048 pilots=1 cycle=1443421 simtime=2886841000
CFO_FRONT2048_PROGRESS run=85 case=85 stage=PILOT accepted_in=2048 pilots=820 cycle=1445465 simtime=2890929000
CFO_FRONT2048_PROGRESS run=86 case=86 stage=FFT accepted_in=2048 pilots=0 cycle=1449572 simtime=2899143000
CFO_FRONT2048_PROGRESS run=86 case=86 stage=PILOT accepted_in=2048 pilots=1 cycle=1460917 simtime=2921833000
CFO_FRONT2048_PROGRESS run=86 case=86 stage=PILOT accepted_in=2048 pilots=820 cycle=1462961 simtime=2925921000
CFO_FRONT2048_PROGRESS run=87 case=87 stage=FFT accepted_in=2048 pilots=0 cycle=1465022 simtime=2930043000
CFO_FRONT2048_PROGRESS run=87 case=87 stage=PILOT accepted_in=2048 pilots=1 cycle=1476367 simtime=2952733000
CFO_FRONT2048_PROGRESS run=87 case=87 stage=PILOT accepted_in=2048 pilots=820 cycle=1478411 simtime=2956821000
CFO_FRONT2048_PROGRESS run=88 case=88 stage=FFT accepted_in=2048 pilots=0 cycle=1482520 simtime=2965039000
CFO_FRONT2048_PROGRESS run=88 case=88 stage=PILOT accepted_in=2048 pilots=1 cycle=1493865 simtime=2987729000
CFO_FRONT2048_PROGRESS run=88 case=88 stage=PILOT accepted_in=2048 pilots=820 cycle=1495909 simtime=2991817000
CFO_FRONT2048_PROGRESS run=89 case=89 stage=FFT accepted_in=2048 pilots=0 cycle=1500019 simtime=3000037000
CFO_FRONT2048_PROGRESS run=89 case=89 stage=PILOT accepted_in=2048 pilots=1 cycle=1511364 simtime=3022727000
CFO_FRONT2048_PROGRESS run=89 case=89 stage=PILOT accepted_in=2048 pilots=820 cycle=1513408 simtime=3026815000
CFO_FRONT2048_PROGRESS run=91 case=1 stage=FFT accepted_in=2048 pilots=0 cycle=1517564 simtime=3035127000
CFO_FRONT2048_PROGRESS run=91 case=1 stage=PILOT accepted_in=2048 pilots=1 cycle=1528909 simtime=3057817000
CFO_FRONT2048_PROGRESS run=91 case=1 stage=PILOT accepted_in=2048 pilots=820 cycle=1530953 simtime=3061905000
CFO_FRONT2048_PROGRESS run=93 case=3 stage=FFT accepted_in=2048 pilots=0 cycle=1533066 simtime=3066131000
CFO_FRONT2048_PROGRESS run=93 case=3 stage=PILOT accepted_in=2048 pilots=1 cycle=1544411 simtime=3088821000
CFO_FRONT2048_PROGRESS run=93 case=3 stage=PILOT accepted_in=2048 pilots=820 cycle=1546455 simtime=3092909000
CFO_FRONT2048_PROGRESS run=94 case=4 stage=FFT accepted_in=2048 pilots=0 cycle=1550572 simtime=3101143000
CFO_FRONT2048_PROGRESS run=95 case=5 stage=FFT accepted_in=2048 pilots=0 cycle=1556090 simtime=3112179000
CFO_FRONT2048_PROGRESS run=95 case=5 stage=PILOT accepted_in=2048 pilots=1 cycle=1567435 simtime=3134869000
CFO_FRONT2048_PROGRESS run=95 case=5 stage=PILOT accepted_in=2048 pilots=820 cycle=1569479 simtime=3138957000
CFO_FRONT2048_PROGRESS run=96 case=6 stage=FFT accepted_in=2048 pilots=0 cycle=1571546 simtime=3143091000
CFO_FRONT2048_PROGRESS run=97 case=7 stage=FFT accepted_in=2048 pilots=0 cycle=1577064 simtime=3154127000
CFO_FRONT2048_PROGRESS run=97 case=7 stage=PILOT accepted_in=2048 pilots=1 cycle=1588409 simtime=3176817000
CFO_FRONT2048_PROGRESS run=97 case=7 stage=PILOT accepted_in=2048 pilots=820 cycle=1590453 simtime=3180905000
CFO_FRONT2048_PROGRESS run=98 case=8 stage=FFT accepted_in=2048 pilots=0 cycle=1594569 simtime=3189137000
CFO_FRONT2048_PROGRESS run=98 case=8 stage=PILOT accepted_in=2048 pilots=1 cycle=1605914 simtime=3211827000
CFO_FRONT2048_PROGRESS run=99 case=9 stage=FFT accepted_in=2048 pilots=0 cycle=1608002 simtime=3216003000
CFO_FRONT2048_PROGRESS run=99 case=9 stage=PILOT accepted_in=2048 pilots=1 cycle=1619347 simtime=3238693000
CFO_FRONT2048_PROGRESS run=99 case=9 stage=PILOT accepted_in=2048 pilots=820 cycle=1621391 simtime=3242781000
CFO_FRONT2048_PROGRESS run=100 case=10 stage=FFT accepted_in=2048 pilots=0 cycle=1625509 simtime=3251017000
CFO_FRONT2048_PROGRESS run=100 case=10 stage=PILOT accepted_in=2048 pilots=1 cycle=1636854 simtime=3273707000
CFO_FRONT2048_PROGRESS run=101 case=11 stage=FFT accepted_in=2048 pilots=0 cycle=1640989 simtime=3281977000
CFO_FRONT2048_PROGRESS run=101 case=11 stage=PILOT accepted_in=2048 pilots=1 cycle=1652334 simtime=3304667000
CFO_FRONT2048_PROGRESS run=101 case=11 stage=PILOT accepted_in=2048 pilots=820 cycle=1654378 simtime=3308755000
CFO_FRONT2048_PROGRESS run=102 case=12 stage=FFT accepted_in=2048 pilots=0 cycle=1656446 simtime=3312891000
CFO_FRONT2048_PROGRESS run=102 case=12 stage=PILOT accepted_in=2048 pilots=1 cycle=1667791 simtime=3335581000
CFO_FRONT2048_PROGRESS run=102 case=12 stage=PILOT accepted_in=2048 pilots=820 cycle=1669835 simtime=3339669000
CFO_FRONT2048_PROGRESS run=103 case=13 stage=FFT accepted_in=2048 pilots=0 cycle=1673950 simtime=3347899000
CFO_FRONT2048_PROGRESS run=103 case=13 stage=PILOT accepted_in=2048 pilots=1 cycle=1685295 simtime=3370589000
CFO_FRONT2048_PROGRESS run=103 case=13 stage=PILOT accepted_in=2048 pilots=820 cycle=1687339 simtime=3374677000
CFO_FRONT2048_PROGRESS run=104 case=14 stage=FFT accepted_in=2048 pilots=0 cycle=1691456 simtime=3382911000
CFO_FRONT2048_PROGRESS run=104 case=14 stage=PILOT accepted_in=2048 pilots=1 cycle=1702801 simtime=3405601000
CFO_FRONT2048_PROGRESS run=104 case=14 stage=PILOT accepted_in=2048 pilots=820 cycle=1704845 simtime=3409689000
CFO_FRONT2048_PROGRESS run=105 case=15 stage=FFT accepted_in=2048 pilots=0 cycle=1706913 simtime=3413825000
CFO_FRONT2048_PROGRESS run=105 case=15 stage=PILOT accepted_in=2048 pilots=1 cycle=1718258 simtime=3436515000
CFO_FRONT2048_PROGRESS run=105 case=15 stage=PILOT accepted_in=2048 pilots=820 cycle=1720302 simtime=3440603000
CFO_FRONT2048_PASS unique=90 completed=98 protocol_errors=7 max_tail=13398 max_total=17505 max_adjusted=15448 stalled_cycles=250 reset_discards=4 abort_discards=4
$finish called at time : 3440770 ns : File "D:/008_MA_Dev/T11_CFO/sim/tb/cfo_front2048_tb.sv" Line 136
