#-----------------------------------------------------------
# Vivado v2021.1 (64-bit)
# SW Build 3247384 on Thu Jun 10 19:36:33 MDT 2021
# IP Build 3246043 on Fri Jun 11 00:30:35 MDT 2021
# Start of session at: Tue Sep 15 15:43:56 2026
# Process ID: 41036
# Current directory: D:/008_MA_Dev/Sync_SFO/docs/reorganization_20260915
# Command line: vivado.exe -mode batch -notrace -source D:\008_MA_Dev\Sync_SFO\docs\reorganization_20260915\native_open_check.tcl -log D:\008_MA_Dev\Sync_SFO\docs\reorganization_20260915\native_open.log -journal D:\008_MA_Dev\Sync_SFO\docs\reorganization_20260915\native_open.jou
# Log file: D:/008_MA_Dev/Sync_SFO/docs/reorganization_20260915/native_open.log
# Journal file: D:\008_MA_Dev\Sync_SFO\docs\reorganization_20260915\native_open.jou
#-----------------------------------------------------------
source {D:\008_MA_Dev\Sync_SFO\docs\reorganization_20260915\native_open_check.tcl} -notrace
REORG_OPEN_BEGIN index=1 xpr=D:/008_MA_Dev/Sync_SFO/Sync_SFO.xpr
WARNING: [filemgmt 56-3] Default IP Output Path : Could not find the directory 'D:/008_MA_Dev/Sync_SFO/Sync_SFO.gen/sources_1'.
WARNING: [filemgmt 56-3] IPUserFilesDir: Could not find the directory 'D:/008_MA_Dev/Sync_SFO/Sync_SFO.ip_user_files'.
Scanning sources...
Finished scanning sources
INFO: [IP_Flow 19-234] Refreshing IP repositories
INFO: [IP_Flow 19-1704] No user IP repositories specified
INFO: [IP_Flow 19-2313] Loaded Vivado IP repository 'C:/NIFPGA/programs/Vivado2021_1/data/ip'.
WARNING: [IP_Flow 19-2162] IP 't07_g3_up47' is locked:
* Project containing IP 't07_g3_up47' is read-only.
WARNING: [IP_Flow 19-2162] IP 't03_xfft_2048_main' is locked:
* Project containing IP 't03_xfft_2048_main' is read-only.
WARNING: [IP_Flow 19-2162] IP 't06_rt_mult_u48_u20' is locked:
* Project containing IP 't06_rt_mult_u48_u20' is read-only.
WARNING: [IP_Flow 19-2162] IP 't06_rt_mult_s41_s38' is locked:
* Project containing IP 't06_rt_mult_s41_s38' is read-only.
WARNING: [IP_Flow 19-2162] IP 't06_rt_mult_s41_u38' is locked:
* Project containing IP 't06_rt_mult_s41_u38' is read-only.
WARNING: [IP_Flow 19-2162] IP 't06_rt_mult_u30_s42' is locked:
* Project containing IP 't06_rt_mult_u30_s42' is read-only.
WARNING: [IP_Flow 19-2162] IP 't06_rt_mult_u30_u43' is locked:
* Project containing IP 't06_rt_mult_u30_u43' is read-only.
WARNING: [IP_Flow 19-2162] IP 't06_rt_mult_s41_s41' is locked:
* Project containing IP 't06_rt_mult_s41_s41' is read-only.
WARNING: [IP_Flow 19-2162] IP 't06_rt_mult_u30_u48' is locked:
* Project containing IP 't06_rt_mult_u30_u48' is read-only.
WARNING: [IP_Flow 19-2162] IP 't06_fs_mult_s29_s48' is locked:
* Project containing IP 't06_fs_mult_s29_s48' is read-only.
WARNING: [IP_Flow 19-2162] IP 't06_fs_mult_s29_s11' is locked:
* Project containing IP 't06_fs_mult_s29_s11' is read-only.
WARNING: [IP_Flow 19-2162] IP 't06_fs_mult_u18_s48' is locked:
* Project containing IP 't06_fs_mult_u18_s48' is read-only.
WARNING: [IP_Flow 19-2162] IP 't06_fs_mult_u18_s11' is locked:
* Project containing IP 't06_fs_mult_u18_s11' is read-only.
WARNING: [IP_Flow 19-2162] IP 't04_div_u63_u47' is locked:
* Project containing IP 't04_div_u63_u47' is read-only.
WARNING: [IP_Flow 19-2162] IP 't06_wp_mult_u64_u33' is locked:
* Project containing IP 't06_wp_mult_u64_u33' is read-only.
WARNING: [IP_Flow 19-2162] IP 't06_pair_max_tracker_2lane_cross' is locked:
* Project containing IP 't06_pair_max_tracker_2lane_cross' is read-only.
WARNING: [IP_Flow 19-2162] IP 't06_observation_engine_weight_product' is locked:
* Project containing IP 't06_observation_engine_weight_product' is read-only.
WARNING: [IP_Flow 19-2162] IP 't06_observation_engine_square' is locked:
* Project containing IP 't06_observation_engine_square' is read-only.
WARNING: [IP_Flow 19-2162] IP 't06_cordic_translate48_parallel' is locked:
* Project containing IP 't06_cordic_translate48_parallel' is read-only.
WARNING: [IP_Flow 19-2162] IP 't04_cmpy_17x16' is locked:
* Project containing IP 't04_cmpy_17x16' is read-only.
WARNING: [IP_Flow 19-2162] IP 't06_sg_div_u53_u37' is locked:
* Project containing IP 't06_sg_div_u53_u37' is read-only.
WARNING: [IP_Flow 19-2162] IP 't06_sg_mult_u37_u16' is locked:
* Project containing IP 't06_sg_mult_u37_u16' is read-only.
WARNING: [IP_Flow 19-2162] IP 't05_cmpy_rotate_18x18' is locked:
* Project containing IP 't05_cmpy_rotate_18x18' is read-only.
WARNING: [IP_Flow 19-2162] IP 't06_dds_phase_s32_sincos18' is locked:
* Project containing IP 't06_dds_phase_s32_sincos18' is read-only.
WARNING: [IP_Flow 19-2162] IP 't05_mult_cfo_s19_const40_full59' is locked:
* Project containing IP 't05_mult_cfo_s19_const40_full59' is read-only.
WARNING: [IP_Flow 19-2162] IP 't07_g3_down47' is locked:
* Project containing IP 't07_g3_down47' is read-only.
WARNING: [IP_Flow 19-2162] IP 't07_g3_down15' is locked:
* Project containing IP 't07_g3_down15' is read-only.
WARNING: [IP_Flow 19-2162] IP 'farrow_mul_t16' is locked:
* Project containing IP 'farrow_mul_t16' is read-only.
WARNING: [IP_Flow 19-2162] IP 'farrow_mul_h16' is locked:
* Project containing IP 'farrow_mul_h16' is read-only.
WARNING: [IP_Flow 19-2162] IP 'farrow_add_32' is locked:
* Project containing IP 'farrow_add_32' is read-only.
WARNING: [IP_Flow 19-2162] IP 'farrow_add_18' is locked:
* Project containing IP 'farrow_add_18' is read-only.
WARNING: [IP_Flow 19-2162] IP 'farrow_add_28' is locked:
* Project containing IP 'farrow_add_28' is read-only.
WARNING: [IP_Flow 19-2162] IP 't07_g3_up15' is locked:
* Project containing IP 't07_g3_up15' is read-only.
WARNING: [IP_Flow 19-2162] IP 't03_xfft_16384_aux' is locked:
* Project containing IP 't03_xfft_16384_aux' is read-only.
REORG_OPEN_PASS index=1 top=t10_two_pass_system members=283 ips=34
REORG_OPEN_BEGIN index=2 xpr=D:/008_MA_Dev/Sync_Frontend/Sync_Frontend.xpr
WARNING: [filemgmt 56-3] Default IP Output Path : Could not find the directory 'D:/008_MA_Dev/Sync_Frontend/Sync_Frontend.gen/sources_1'.
WARNING: [filemgmt 56-3] IPUserFilesDir: Could not find the directory 'D:/008_MA_Dev/Sync_Frontend/Sync_Frontend.ip_user_files'.
Scanning sources...
Finished scanning sources
WARNING: [Project 1-509] GeneratedRun file for 'synth_1' not found
WARNING: [Project 1-509] GeneratedRun file for 't04_cmpy_17x16_synth_1' not found
WARNING: [Project 1-509] GeneratedRun file for 't04_cordic_translate_48_synth_1' not found
WARNING: [Project 1-509] GeneratedRun file for 't04_div_u63_u47_synth_1' not found
WARNING: [Project 1-509] GeneratedRun file for 't04_phase_scale_s48_x_1953125_synth_1' not found
WARNING: [Project 1-509] GeneratedRun file for 't04_square_s43_synth_1' not found
WARNING: [Project 1-509] GeneratedRun file for 't04_square_u42_synth_1' not found
WARNING: [Project 1-509] GeneratedRun file for 't05_cmpy_corr_18x16_synth_1' not found
WARNING: [Project 1-509] GeneratedRun file for 't05_cmpy_rotate_18x18_synth_1' not found
WARNING: [Project 1-509] GeneratedRun file for 't05_cordic_rotate16_parallel_synth_1' not found
WARNING: [Project 1-509] GeneratedRun file for 't05_dds_pinc32_sincos18_synth_1' not found
WARNING: [Project 1-509] GeneratedRun file for 't05_div_quality_s64_s64_f15_synth_1' not found
WARNING: [Project 1-509] GeneratedRun file for 't05_mult_cfo_s19_const40_full59_synth_1' not found
WARNING: [Project 1-509] GeneratedRun file for 't05_mult_quality_u46x36_full82_synth_1' not found
WARNING: [Project 1-509] GeneratedRun file for 't05_mult_s18x18_full36_synth_1' not found
WARNING: [Project 1-509] GeneratedRun file for 't05_mult_s48x48_full96_synth_1' not found
WARNING: [Project 1-509] GeneratedRun file for 'impl_1' not found
INFO: [IP_Flow 19-234] Refreshing IP repositories
INFO: [IP_Flow 19-1704] No user IP repositories specified
INFO: [IP_Flow 19-2313] Loaded Vivado IP repository 'C:/NIFPGA/programs/Vivado2021_1/data/ip'.
WARNING: [IP_Flow 19-2162] IP 't04_cmpy_17x16' is locked:
* Project containing IP 't04_cmpy_17x16' is read-only.
WARNING: [IP_Flow 19-2162] IP 't04_cordic_translate_48' is locked:
* Project containing IP 't04_cordic_translate_48' is read-only.
WARNING: [IP_Flow 19-2162] IP 't04_div_u63_u47' is locked:
* Project containing IP 't04_div_u63_u47' is read-only.
WARNING: [IP_Flow 19-2162] IP 't04_phase_scale_s48_x_1953125' is locked:
* Project containing IP 't04_phase_scale_s48_x_1953125' is read-only.
WARNING: [IP_Flow 19-2162] IP 't04_square_s43' is locked:
* Project containing IP 't04_square_s43' is read-only.
WARNING: [IP_Flow 19-2162] IP 't04_square_u42' is locked:
* Project containing IP 't04_square_u42' is read-only.
WARNING: [IP_Flow 19-2162] IP 't05_cmpy_corr_18x16' is locked:
* Project containing IP 't05_cmpy_corr_18x16' is read-only.
WARNING: [IP_Flow 19-2162] IP 't05_cmpy_rotate_18x18' is locked:
* Project containing IP 't05_cmpy_rotate_18x18' is read-only.
WARNING: [IP_Flow 19-2162] IP 't05_cordic_rotate16_parallel' is locked:
* Project containing IP 't05_cordic_rotate16_parallel' is read-only.
WARNING: [IP_Flow 19-2162] IP 't05_dds_pinc32_sincos18' is locked:
* Project containing IP 't05_dds_pinc32_sincos18' is read-only.
WARNING: [IP_Flow 19-2162] IP 't05_div_quality_s64_s64_f15' is locked:
* Project containing IP 't05_div_quality_s64_s64_f15' is read-only.
WARNING: [IP_Flow 19-2162] IP 't05_mult_cfo_s19_const40_full59' is locked:
* Project containing IP 't05_mult_cfo_s19_const40_full59' is read-only.
WARNING: [IP_Flow 19-2162] IP 't05_mult_quality_u46x36_full82' is locked:
* Project containing IP 't05_mult_quality_u46x36_full82' is read-only.
WARNING: [IP_Flow 19-2162] IP 't05_mult_s18x18_full36' is locked:
* Project containing IP 't05_mult_s18x18_full36' is read-only.
WARNING: [IP_Flow 19-2162] IP 't05_mult_s48x48_full96' is locked:
* Project containing IP 't05_mult_s48x48_full96' is read-only.
REORG_OPEN_PASS index=2 top=sync_frontend_top members=55 ips=15
REORG_OPEN_BEGIN index=3 xpr=D:/008_MA_Dev/Sync_CFO/vivado/CFO_BACKEND74/CFO_BACKEND74.xpr
WARNING: [filemgmt 56-3] Default IP Output Path : Could not find the directory 'D:/008_MA_Dev/Sync_CFO/vivado/CFO_BACKEND74/CFO_BACKEND74.gen/sources_1'.
Scanning sources...
Finished scanning sources
REORG_OPEN_PASS index=3 top=cfo_estimate74_backend members=21 ips=0
REORG_OPEN_BEGIN index=4 xpr=D:/008_MA_Dev/Sync_CFO/vivado/CFO_COORD/CFO_COORD.xpr
WARNING: [filemgmt 56-3] Default IP Output Path : Could not find the directory 'D:/008_MA_Dev/Sync_CFO/vivado/CFO_COORD/CFO_COORD.gen/sources_1'.
Scanning sources...
Finished scanning sources
REORG_OPEN_PASS index=4 top=cfo_coordinate_control members=7 ips=0
REORG_OPEN_BEGIN index=5 xpr=D:/008_MA_Dev/Sync_CFO/vivado/CFO_FFT2048/CFO_FFT2048.xpr
WARNING: [filemgmt 56-3] Default IP Output Path : Could not find the directory 'D:/008_MA_Dev/Sync_CFO/vivado/CFO_FFT2048/CFO_FFT2048.gen/sources_1'.
Scanning sources...
Finished scanning sources
REORG_OPEN_PASS index=5 top=cfo_fft2048_core members=11 ips=0
REORG_OPEN_BEGIN index=6 xpr=D:/008_MA_Dev/Sync_CFO/vivado/CFO_FFT256/CFO_FFT256.xpr
WARNING: [filemgmt 56-3] Default IP Output Path : Could not find the directory 'D:/008_MA_Dev/Sync_CFO/vivado/CFO_FFT256/CFO_FFT256.gen/sources_1'.
Scanning sources...
Finished scanning sources
REORG_OPEN_PASS index=6 top=cfo_fft256_core members=10 ips=0
REORG_OPEN_BEGIN index=7 xpr=D:/008_MA_Dev/Sync_CFO/vivado/CFO_FRONT2048/CFO_FRONT2048.xpr
WARNING: [filemgmt 56-3] Default IP Output Path : Could not find the directory 'D:/008_MA_Dev/Sync_CFO/vivado/CFO_FRONT2048/CFO_FRONT2048.gen/sources_1'.
Scanning sources...
Finished scanning sources
REORG_OPEN_PASS index=7 top=cfo_front2048_window members=13 ips=0
REORG_OPEN_BEGIN index=8 xpr=D:/008_MA_Dev/Sync_CFO/vivado/CFO_LINK010/CFO_LINK010.xpr
WARNING: [filemgmt 56-3] Default IP Output Path : Could not find the directory 'D:/008_MA_Dev/Sync_CFO/vivado/CFO_LINK010/CFO_LINK010.gen/sources_1'.
Scanning sources...
Finished scanning sources
REORG_OPEN_PASS index=8 top=cfo_estimator_link members=19 ips=0
REORG_OPEN_BEGIN index=9 xpr=D:/008_MA_Dev/Sync_CFO/vivado/CFO_LINK010R1/CFO_LINK010R1.xpr
WARNING: [filemgmt 56-3] Default IP Output Path : Could not find the directory 'D:/008_MA_Dev/Sync_CFO/vivado/CFO_LINK010R1/CFO_LINK010R1.gen/sources_1'.
Scanning sources...
Finished scanning sources
REORG_OPEN_PASS index=9 top=cfo_estimator_link members=25 ips=0
REORG_OPEN_BEGIN index=10 xpr=D:/008_MA_Dev/Sync_CFO/vivado/CFO_PHASE74/CFO_PHASE74.xpr
WARNING: [filemgmt 56-3] Default IP Output Path : Could not find the directory 'D:/008_MA_Dev/Sync_CFO/vivado/CFO_PHASE74/CFO_PHASE74.gen/sources_1'.
Scanning sources...
Finished scanning sources
REORG_OPEN_PASS index=10 top=cfo_phase74_core members=12 ips=0
REORG_OPEN_BEGIN index=11 xpr=D:/008_MA_Dev/Sync_CFO/vivado/CFO_SYNC/CFO_SYNC.xpr
WARNING: [filemgmt 56-3] Default IP Output Path : Could not find the directory 'D:/008_MA_Dev/Sync_CFO/vivado/CFO_SYNC/CFO_SYNC.gen/sources_1'.
Scanning sources...
Finished scanning sources
REORG_OPEN_PASS index=11 top=cfo_rotate4 members=17 ips=0
REORG_OPEN_BEGIN index=12 xpr=D:/008_MA_Dev/Sync_Frontend/examples/I16_AddSub_CLIP/I16_AddSub.xpr
WARNING: [filemgmt 56-3] Default IP Output Path : Could not find the directory 'D:/008_MA_Dev/Sync_Frontend/examples/I16_AddSub_CLIP/I16_AddSub.gen/sources_1'.
WARNING: [filemgmt 56-3] IPUserFilesDir: Could not find the directory 'D:/008_MA_Dev/Sync_Frontend/examples/I16_AddSub_CLIP/I16_AddSub.ip_user_files'.
Scanning sources...
Finished scanning sources
WARNING: [Project 1-509] GeneratedRun file for 'synth_1' not found
REORG_OPEN_PASS index=12 top=i16_addsub_clip members=4 ips=0
REORG_NATIVE_OPEN_ALL_COMPLETE count=12
INFO: [Common 17-206] Exiting Vivado at Tue Sep 15 15:44:09 2026...
