INFO: [VRFC 10-163] Analyzing VHDL file "D:/008_MA_Dev/Sync_SFO/work/FN01/project/ip/config/t07_g3_down47/sim/t07_g3_down47.vhd" into library xil_defaultlib
INFO: [VRFC 10-3107] analyzing entity 't07_g3_down47'
INFO: [VRFC 10-163] Analyzing VHDL file "D:/008_MA_Dev/Sync_SFO/work/FN01/project/ip/config/t07_g3_down15/sim/t07_g3_down15.vhd" into library xil_defaultlib
INFO: [VRFC 10-3107] analyzing entity 't07_g3_down15'
INFO: [VRFC 10-163] Analyzing VHDL file "D:/008_MA_Dev/Sync_SFO/work/FN01/project/ip/config/farrow_mul_t16/sim/farrow_mul_t16.vhd" into library xil_defaultlib
INFO: [VRFC 10-3107] analyzing entity 'farrow_mul_t16'
INFO: [VRFC 10-163] Analyzing VHDL file "D:/008_MA_Dev/Sync_SFO/work/FN01/project/ip/config/farrow_mul_h16/sim/farrow_mul_h16.vhd" into library xil_defaultlib
INFO: [VRFC 10-3107] analyzing entity 'farrow_mul_h16'
INFO: [VRFC 10-163] Analyzing VHDL file "D:/008_MA_Dev/Sync_SFO/work/FN01/project/ip/config/farrow_add_32/sim/farrow_add_32.vhd" into library xil_defaultlib
INFO: [VRFC 10-3107] analyzing entity 'farrow_add_32'
INFO: [VRFC 10-163] Analyzing VHDL file "D:/008_MA_Dev/Sync_SFO/work/FN01/project/ip/config/farrow_add_18/sim/farrow_add_18.vhd" into library xil_defaultlib
INFO: [VRFC 10-3107] analyzing entity 'farrow_add_18'
INFO: [VRFC 10-163] Analyzing VHDL file "D:/008_MA_Dev/Sync_SFO/work/FN01/project/ip/config/farrow_add_28/sim/farrow_add_28.vhd" into library xil_defaultlib
INFO: [VRFC 10-3107] analyzing entity 'farrow_add_28'
INFO: [VRFC 10-163] Analyzing VHDL file "D:/008_MA_Dev/Sync_SFO/work/FN01/project/ip/config/t07_g3_up15/sim/t07_g3_up15.vhd" into library xil_defaultlib
INFO: [VRFC 10-3107] analyzing entity 't07_g3_up15'
INFO: [VRFC 10-163] Analyzing VHDL file "D:/008_MA_Dev/Sync_SFO/work/FN01/project/ip/config/t07_g3_up47/sim/t07_g3_up47.vhd" into library xil_defaultlib
INFO: [VRFC 10-3107] analyzing entity 't07_g3_up47'
INFO: [VRFC 10-163] Analyzing VHDL file "D:/008_MA_Dev/Sync_SFO/work/FN01/project/ip/config/t03_xfft_16384_aux/sim/t03_xfft_16384_aux.vhd" into library xil_defaultlib
INFO: [VRFC 10-3107] analyzing entity 't03_xfft_16384_aux'
INFO: [VRFC 10-163] Analyzing VHDL file "D:/008_MA_Dev/Sync_SFO/work/FN01/project/ip/config/t03_xfft_2048_main/sim/t03_xfft_2048_main.vhd" into library xil_defaultlib
INFO: [VRFC 10-3107] analyzing entity 't03_xfft_2048_main'
INFO: [VRFC 10-163] Analyzing VHDL file "D:/008_MA_Dev/Sync_SFO/work/FN01/project/ip/config/t06_rt_mult_u48_u20/sim/t06_rt_mult_u48_u20.vhd" into library xil_defaultlib
INFO: [VRFC 10-3107] analyzing entity 't06_rt_mult_u48_u20'
INFO: [VRFC 10-163] Analyzing VHDL file "D:/008_MA_Dev/Sync_SFO/work/FN01/project/ip/config/t06_rt_mult_s41_s38/sim/t06_rt_mult_s41_s38.vhd" into library xil_defaultlib
INFO: [VRFC 10-3107] analyzing entity 't06_rt_mult_s41_s38'
INFO: [VRFC 10-163] Analyzing VHDL file "D:/008_MA_Dev/Sync_SFO/work/FN01/project/ip/config/t06_rt_mult_s41_u38/sim/t06_rt_mult_s41_u38.vhd" into library xil_defaultlib
INFO: [VRFC 10-3107] analyzing entity 't06_rt_mult_s41_u38'
INFO: [VRFC 10-163] Analyzing VHDL file "D:/008_MA_Dev/Sync_SFO/work/FN01/project/ip/config/t06_rt_mult_u30_s42/sim/t06_rt_mult_u30_s42.vhd" into library xil_defaultlib
INFO: [VRFC 10-3107] analyzing entity 't06_rt_mult_u30_s42'
INFO: [VRFC 10-163] Analyzing VHDL file "D:/008_MA_Dev/Sync_SFO/work/FN01/project/ip/config/t06_rt_mult_u30_u43/sim/t06_rt_mult_u30_u43.vhd" into library xil_defaultlib
INFO: [VRFC 10-3107] analyzing entity 't06_rt_mult_u30_u43'
INFO: [VRFC 10-163] Analyzing VHDL file "D:/008_MA_Dev/Sync_SFO/work/FN01/project/ip/config/t06_rt_mult_s41_s41/sim/t06_rt_mult_s41_s41.vhd" into library xil_defaultlib
INFO: [VRFC 10-3107] analyzing entity 't06_rt_mult_s41_s41'
INFO: [VRFC 10-163] Analyzing VHDL file "D:/008_MA_Dev/Sync_SFO/work/FN01/project/ip/config/t06_rt_mult_u30_u48/sim/t06_rt_mult_u30_u48.vhd" into library xil_defaultlib
INFO: [VRFC 10-3107] analyzing entity 't06_rt_mult_u30_u48'
INFO: [VRFC 10-163] Analyzing VHDL file "D:/008_MA_Dev/Sync_SFO/work/FN01/project/ip/config/t06_fs_mult_s29_s48/sim/t06_fs_mult_s29_s48.vhd" into library xil_defaultlib
INFO: [VRFC 10-3107] analyzing entity 't06_fs_mult_s29_s48'
INFO: [VRFC 10-163] Analyzing VHDL file "D:/008_MA_Dev/Sync_SFO/work/FN01/project/ip/config/t06_fs_mult_s29_s11/sim/t06_fs_mult_s29_s11.vhd" into library xil_defaultlib
INFO: [VRFC 10-3107] analyzing entity 't06_fs_mult_s29_s11'
INFO: [VRFC 10-163] Analyzing VHDL file "D:/008_MA_Dev/Sync_SFO/work/FN01/project/ip/config/t06_fs_mult_u18_s48/sim/t06_fs_mult_u18_s48.vhd" into library xil_defaultlib
INFO: [VRFC 10-3107] analyzing entity 't06_fs_mult_u18_s48'
INFO: [VRFC 10-163] Analyzing VHDL file "D:/008_MA_Dev/Sync_SFO/work/FN01/project/ip/config/t06_fs_mult_u18_s11/sim/t06_fs_mult_u18_s11.vhd" into library xil_defaultlib
INFO: [VRFC 10-3107] analyzing entity 't06_fs_mult_u18_s11'
INFO: [VRFC 10-163] Analyzing VHDL file "D:/008_MA_Dev/Sync_SFO/work/FN01/project/ip/config/t04_div_u63_u47/sim/t04_div_u63_u47.vhd" into library xil_defaultlib
INFO: [VRFC 10-3107] analyzing entity 't04_div_u63_u47'
INFO: [VRFC 10-163] Analyzing VHDL file "D:/008_MA_Dev/Sync_SFO/work/FN01/project/ip/config/t06_wp_mult_u64_u33/sim/t06_wp_mult_u64_u33.vhd" into library xil_defaultlib
INFO: [VRFC 10-3107] analyzing entity 't06_wp_mult_u64_u33'
INFO: [VRFC 10-163] Analyzing VHDL file "D:/008_MA_Dev/Sync_SFO/work/FN01/project/ip/config/t06_pair_max_tracker_2lane_cross/sim/t06_pair_max_tracker_2lane_cross.vhd" into library xil_defaultlib
INFO: [VRFC 10-3107] analyzing entity 't06_pair_max_tracker_2lane_cross'
INFO: [VRFC 10-163] Analyzing VHDL file "D:/008_MA_Dev/Sync_SFO/work/FN01/project/ip/config/t06_observation_engine_weight_product/sim/t06_observation_engine_weight_product.vhd" into library xil_defaultlib
INFO: [VRFC 10-3107] analyzing entity 't06_observation_engine_weight_product'
INFO: [VRFC 10-163] Analyzing VHDL file "D:/008_MA_Dev/Sync_SFO/work/FN01/project/ip/config/t06_observation_engine_square/sim/t06_observation_engine_square.vhd" into library xil_defaultlib
INFO: [VRFC 10-3107] analyzing entity 't06_observation_engine_square'
INFO: [VRFC 10-163] Analyzing VHDL file "D:/008_MA_Dev/Sync_SFO/work/FN01/project/ip/config/t06_cordic_translate48_parallel/sim/t06_cordic_translate48_parallel.vhd" into library xil_defaultlib
INFO: [VRFC 10-3107] analyzing entity 't06_cordic_translate48_parallel'
INFO: [VRFC 10-163] Analyzing VHDL file "D:/008_MA_Dev/Sync_SFO/work/FN01/project/ip/config/t04_cmpy_17x16/sim/t04_cmpy_17x16.vhd" into library xil_defaultlib
INFO: [VRFC 10-3107] analyzing entity 't04_cmpy_17x16'
INFO: [VRFC 10-163] Analyzing VHDL file "D:/008_MA_Dev/Sync_SFO/work/FN01/project/ip/config/t06_sg_div_u53_u37/sim/t06_sg_div_u53_u37.vhd" into library xil_defaultlib
INFO: [VRFC 10-3107] analyzing entity 't06_sg_div_u53_u37'
INFO: [VRFC 10-163] Analyzing VHDL file "D:/008_MA_Dev/Sync_SFO/work/FN01/project/ip/config/t06_sg_mult_u37_u16/sim/t06_sg_mult_u37_u16.vhd" into library xil_defaultlib
INFO: [VRFC 10-3107] analyzing entity 't06_sg_mult_u37_u16'
INFO: [VRFC 10-163] Analyzing VHDL file "D:/008_MA_Dev/Sync_SFO/work/FN01/project/ip/config/t05_cmpy_rotate_18x18/sim/t05_cmpy_rotate_18x18.vhd" into library xil_defaultlib
INFO: [VRFC 10-3107] analyzing entity 't05_cmpy_rotate_18x18'
INFO: [VRFC 10-163] Analyzing VHDL file "D:/008_MA_Dev/Sync_SFO/work/FN01/project/ip/config/t06_dds_phase_s32_sincos18/sim/t06_dds_phase_s32_sincos18.vhd" into library xil_defaultlib
INFO: [VRFC 10-3107] analyzing entity 't06_dds_phase_s32_sincos18'
INFO: [VRFC 10-163] Analyzing VHDL file "D:/008_MA_Dev/Sync_SFO/work/FN01/project/ip/config/t05_mult_cfo_s19_const40_full59/sim/t05_mult_cfo_s19_const40_full59.vhd" into library xil_defaultlib
INFO: [VRFC 10-3107] analyzing entity 't05_mult_cfo_s19_const40_full59'
