Vivado Simulator v2021.1
Copyright 1986-1999, 2001-2021 Xilinx, Inc. All Rights Reserved.
Running: C:/NIFPGA/programs/Vivado2021_1/bin/unwrapped/win64.o/xelab.exe -wto a170ff6256254069954ea6a5ebe15180 --incr --debug typical --relax --mt 16 -L xil_defaultlib -L uvm -L unisims_ver -L unimacro_ver -L secureip -L xpm --snapshot cfo_estimator_link_tb_behav xil_defaultlib.cfo_estimator_link_tb xil_defaultlib.glbl -log elaborate.log 
Using 16 slave threads.
Starting static elaboration
Pass Through NonSizing Optimizer
Completed static elaboration
Starting simulation data flow analysis
Completed simulation data flow analysis
Time Resolution for simulation is 1ps
Compiling module xpm.xpm_cdc_async_rst(RST_ACTIVE_HIG...
Compiling module xpm.xpm_cdc_single(DEST_SYNC_FF=2,SI...
Compiling module xpm.xpm_cdc_sync_rst(DEST_SYNC_FF=2,...
Compiling module xpm.xpm_fifo_rst(COMMON_CLOCK=0,SIM_...
Compiling module xpm.xpm_fifo_reg_bit
Compiling module xpm.xpm_counter_updn(COUNTER_WIDTH=5...
Compiling module xpm.xpm_counter_updn
Compiling module xpm.xpm_memory_base(MEMORY_TYPE=1,ME...
Compiling module xpm.xpm_cdc_gray(DEST_SYNC_FF=2,INIT...
Compiling module xpm.xpm_fifo_reg_vec
Compiling module xpm.xpm_cdc_gray(INIT_SYNC_FF=1,WIDT...
Compiling module xpm.xpm_fifo_reg_vec(REG_WIDTH=5)
Compiling module xpm.xpm_cdc_gray(DEST_SYNC_FF=2,INIT...
Compiling module xpm.xpm_counter_updn(COUNTER_WIDTH=2...
Compiling module xpm.xpm_fifo_base(COMMON_CLOCK=0,FIF...
Compiling module xpm.xpm_fifo_async(FIFO_MEMORY_TYPE=...
Compiling module xil_defaultlib.cfo_divide_rne64
Compiling module xil_defaultlib.cfo_phase74_core
Compiling module xil_defaultlib.cfo_fft256_core
Compiling module xil_defaultlib.cfo_divide_rne64wide
Compiling module xil_defaultlib.cfo_fft74_quality
Compiling module xil_defaultlib.cfo_estimate74_backend
Compiling module xil_defaultlib.cfo_estimator_link
Compiling module xil_defaultlib.cfo_estimator_link_tb
Compiling module xil_defaultlib.glbl
Built simulation snapshot cfo_estimator_link_tb_behav
