Vivado Simulator v2021.1
Copyright 1986-1999, 2001-2021 Xilinx, Inc. All Rights Reserved.
Running: C:/NIFPGA/programs/Vivado2021_1/bin/unwrapped/win64.o/xelab.exe -wto cf04e00e44b249c2bffa68fa1a03346e --incr --debug typical --relax --mt 16 -L cfo_xpm -L uvm -L unisims_ver -L unimacro_ver -L secureip --snapshot cfo_estimator_link_tb_behav cfo_xpm.cfo_estimator_link_tb cfo_xpm.glbl -log elaborate.log 
Using 16 slave threads.
Starting static elaboration
Pass Through NonSizing Optimizer
Completed static elaboration
Starting simulation data flow analysis
Completed simulation data flow analysis
Time Resolution for simulation is 1ps
Compiling module cfo_xpm.xpm_cdc_async_rst(RST_ACTIVE_HIG...
Compiling module cfo_xpm.xpm_cdc_sync_rst(INIT_SYNC_FF=1,...
Compiling module cfo_xpm.xpm_cdc_single(DEST_SYNC_FF=2,IN...
Compiling module cfo_xpm.xpm_cdc_single(DEST_SYNC_FF=2,SI...
Compiling module cfo_xpm.xpm_cdc_sync_rst(DEST_SYNC_FF=2,...
Compiling module cfo_xpm.xpm_fifo_rst(COMMON_CLOCK=0,SIM_...
Compiling module cfo_xpm.xpm_fifo_reg_bit
Compiling module cfo_xpm.xpm_counter_updn(COUNTER_WIDTH=5...
Compiling module cfo_xpm.xpm_counter_updn
Compiling module cfo_xpm.xpm_memory_base(MEMORY_TYPE=1,ME...
Compiling module cfo_xpm.xpm_cdc_gray(DEST_SYNC_FF=2,INIT...
Compiling module cfo_xpm.xpm_fifo_reg_vec
Compiling module cfo_xpm.xpm_cdc_gray(INIT_SYNC_FF=1,WIDT...
Compiling module cfo_xpm.xpm_fifo_reg_vec(REG_WIDTH=5)
Compiling module cfo_xpm.xpm_cdc_gray(DEST_SYNC_FF=2,INIT...
Compiling module cfo_xpm.xpm_counter_updn(COUNTER_WIDTH=2...
Compiling module cfo_xpm.xpm_fifo_base(COMMON_CLOCK=0,FIF...
Compiling module cfo_xpm.xpm_fifo_async(FIFO_MEMORY_TYPE=...
Compiling module cfo_xpm.cfo_divide_rne64
Compiling module cfo_xpm.cfo_phase74_core
Compiling module cfo_xpm.cfo_fft256_core
Compiling module cfo_xpm.cfo_divide_rne64wide
Compiling module cfo_xpm.cfo_fft74_quality
Compiling module cfo_xpm.cfo_estimate74_backend
Compiling module cfo_xpm.cfo_estimator_link
Compiling module cfo_xpm.reset_audit_fast_cb
Compiling module cfo_xpm.reset_audit_slow_cb
Compiling module cfo_xpm.cfo_estimator_link_tb
Compiling module cfo_xpm.glbl
Built simulation snapshot cfo_estimator_link_tb_behav
